https://github.com/XRPLF/rippled/blob/3.3.0/include/xrpl/protocol/detail/transactions.macro
sha  00a178fb92ca49521b937ae1a99d863765ea8a90
date 2026-08-06T16:34:39Z
tag  3.3.0

transactions.macro is vendored byte-identical to the ref above so that it can be
re-verified with a plain diff:

  curl -sSL https://raw.githubusercontent.com/XRPLF/rippled/00a178fb92ca49521b937ae1a99d863765ea8a90/include/xrpl/protocol/detail/transactions.macro \
    | diff - Tests/Xrpl.Tests/Fixtures/transactions.macro

Do not hand-edit it. When protocol-watch reports a change to this file upstream,
replace it wholesale, update the sha above, and let TestUTxFormatConformance
show which TxFormat entries have to follow.
